<html>
<body>
<pre>
<h1>礦ision Build Log</h1>
<h2>Project:</h2>
C:\Users\jiwei\Desktop\TI电赛资料\塑料寻迹车\寻迹小车\Project\templet.uvproj
Project File Date:  07/27/2016

<h2>Output:</h2>
Build target 'templet'
compiling sensor.c...
linking...
Program Size: Code=7164 RO-data=2340 RW-data=160 ZI-data=1024  
FromELF: creating hex file...
"..\Output\templet.axf" - 0 Error(s), 0 Warning(s).
Load "..\\Output\\templet.axf" 
Full Chip Erase Done.
Programming Done.
Verify OK.
Application running ...
</pre>
</body>
</html>
