<html>
<body>
<pre>
<h1>礦ision Build Log</h1>
<h2>Project:</h2>
E:\单片机学习\stm32的程序学习\stm32最小系统程序\工程模板\Project\templet.uvproj
Project File Date:  01/15/2016

<h2>Output:</h2>
Build target 'templet'
compiling main.c...
linking...
Program Size: Code=484 RO-data=252 RW-data=0 ZI-data=1024  
FromELF: creating hex file...
"..\Output\templet.axf" - 0 Error(s), 0 Warning(s).
</pre>
</body>
</html>
ompiling stm32f10x_dbgmcu.c...
compiling stm32f10x_dma.c...
compiling stm32f10x_exti.c...
compiling stm32f10x_flash.c...
compiling stm32f10x_fsmc.c...
compiling stm32f10x_gpio.c...
compiling stm32f10x_i2c.c...
compiling stm32f10x_iwdg.c...
compiling stm32f10x_pwr.c...
compiling stm32f10x_rcc.c...
compiling stm32f10x_rtc.c...
compiling stm32f10x_sdio.c...
compiling stm32f10x_spi.c...
compiling stm32f10x_tim.c...
compiling stm32f10x_usart.c...
compiling stm32f10x_wwdg.c...
assembling startup_stm32f10x_md.s...
compiling core_cm3.c...
compiling system_stm32f10x.c...
compiling main.c...
..\User\main.c(8): warning:  #1-D: last line of file ends without a newline
  }
..\User\main.c: 1 warning, 0 errors
compiling stm32f10x_it.c...
linking...
Program Size: Code=484 RO-data=252 RW-data=0 ZI-data=1024  
FromELF: creating hex file...
"..\Output\templet.axf" - 0 Error(s), 1 Warning(s).
